Traceback (most recent call last):
  File "/home/runner/work/corneto/corneto/.venv/lib/python3.11/site-packages/jupyter_cache/executors/utils.py", line 58, in single_nb_execution
    executenb(
  File "/home/runner/work/corneto/corneto/.venv/lib/python3.11/site-packages/nbclient/client.py", line 1323, in execute
    return NotebookClient(nb=nb, resources=resources, km=km, **kwargs).execute()
           ^^^^^^^^^^^^^^^^^^^^^^^^^^^^^^^^^^^^^^^^^^^^^^^^^^^^^^^^^^^^^^^^^^^^^
  File "/home/runner/work/corneto/corneto/.venv/lib/python3.11/site-packages/jupyter_core/utils/__init__.py", line 165, in wrapped
    return loop.run_until_complete(inner)
           ^^^^^^^^^^^^^^^^^^^^^^^^^^^^^^
  File "/opt/hostedtoolcache/Python/3.11.15/x64/lib/python3.11/asyncio/base_events.py", line 654, in run_until_complete
    return future.result()
           ^^^^^^^^^^^^^^^
  File "/home/runner/work/corneto/corneto/.venv/lib/python3.11/site-packages/nbclient/client.py", line 709, in async_execute
    await self.async_execute_cell(
  File "/home/runner/work/corneto/corneto/.venv/lib/python3.11/site-packages/nbclient/client.py", line 1062, in async_execute_cell
    await self._check_raise_for_error(cell, cell_index, exec_reply)
  File "/home/runner/work/corneto/corneto/.venv/lib/python3.11/site-packages/nbclient/client.py", line 918, in _check_raise_for_error
    raise CellExecutionError.from_cell_and_msg(cell, exec_reply_content)
nbclient.exceptions.CellExecutionError: An error occurred while executing the following cell:
------------------
from corneto.utils import check_gurobi

check_gurobi(raise_on_error=True)
------------------


[0;31m---------------------------------------------------------------------------[0m
[0;31mModuleNotFoundError[0m                       Traceback (most recent call last)
File [0;32m~/work/corneto/corneto/corneto/utils/_solvers.py:8[0m, in [0;36mcheck_gurobi[0;34m(verbose, solver_verbose, raise_on_error)[0m
[1;32m      7[0m [38;5;28;01mtry[39;00m:
[0;32m----> 8[0m     [38;5;28;01mimport[39;00m[38;5;250m [39m[38;5;21;01mgurobipy[39;00m[38;5;250m [39m[38;5;28;01mas[39;00m[38;5;250m [39m[38;5;21;01mgp[39;00m
[1;32m      9[0m [38;5;28;01mexcept[39;00m [38;5;167;01mImportError[39;00m:

[0;31mModuleNotFoundError[0m: No module named 'gurobipy'

During handling of the above exception, another exception occurred:

[0;31mImportError[0m                               Traceback (most recent call last)
Cell [0;32mIn[4], line 3[0m
[1;32m      1[0m [38;5;28;01mfrom[39;00m[38;5;250m [39m[38;5;21;01mcorneto[39;00m[38;5;21;01m.[39;00m[38;5;21;01mutils[39;00m[38;5;250m [39m[38;5;28;01mimport[39;00m check_gurobi
[0;32m----> 3[0m [43mcheck_gurobi[49m[43m([49m[43mraise_on_error[49m[38;5;241;43m=[39;49m[38;5;28;43;01mTrue[39;49;00m[43m)[49m

File [0;32m~/work/corneto/corneto/corneto/utils/_solvers.py:10[0m, in [0;36mcheck_gurobi[0;34m(verbose, solver_verbose, raise_on_error)[0m
[1;32m      8[0m     [38;5;28;01mimport[39;00m[38;5;250m [39m[38;5;21;01mgurobipy[39;00m[38;5;250m [39m[38;5;28;01mas[39;00m[38;5;250m [39m[38;5;21;01mgp[39;00m
[1;32m      9[0m [38;5;28;01mexcept[39;00m [38;5;167;01mImportError[39;00m:
[0;32m---> 10[0m     [38;5;28;01mraise[39;00m [38;5;167;01mImportError[39;00m([38;5;124m"[39m[38;5;124mGurobipy is not installed. Please install Gurobi and its Python bindings.[39m[38;5;124m"[39m)
[1;32m     11[0m [38;5;28;01mif[39;00m verbose:
[1;32m     12[0m     [38;5;28mprint[39m([38;5;124m"[39m[38;5;124mGurobipy successfully imported.[39m[38;5;124m"[39m)

[0;31mImportError[0m: Gurobipy is not installed. Please install Gurobi and its Python bindings.

