Traceback (most recent call last):
  File "/private/var/folders/b4/gwkwsdb93sv11rtztqbm3l040000gn/T/tmp.Dst0hQI0PJ/wt-stable/.venv/lib/python3.13/site-packages/jupyter_cache/executors/utils.py", line 58, in single_nb_execution
    executenb(
    ~~~~~~~~~^
        nb,
        ^^^
    ...<4 lines>...
        **kwargs,
        ^^^^^^^^^
    )
    ^
  File "/private/var/folders/b4/gwkwsdb93sv11rtztqbm3l040000gn/T/tmp.Dst0hQI0PJ/wt-stable/.venv/lib/python3.13/site-packages/nbclient/client.py", line 1323, in execute
    return NotebookClient(nb=nb, resources=resources, km=km, **kwargs).execute()
           ~~~~~~~~~~~~~~~~~~~~~~~~~~~~~~~~~~~~~~~~~~~~~~~~~~~~~~~~~~~~~~~~~~~^^
  File "/private/var/folders/b4/gwkwsdb93sv11rtztqbm3l040000gn/T/tmp.Dst0hQI0PJ/wt-stable/.venv/lib/python3.13/site-packages/jupyter_core/utils/__init__.py", line 165, in wrapped
    return loop.run_until_complete(inner)
           ~~~~~~~~~~~~~~~~~~~~~~~^^^^^^^
  File "/opt/homebrew/Cellar/python@3.13/3.13.11_2/Frameworks/Python.framework/Versions/3.13/lib/python3.13/asyncio/base_events.py", line 725, in run_until_complete
    return future.result()
           ~~~~~~~~~~~~~^^
  File "/private/var/folders/b4/gwkwsdb93sv11rtztqbm3l040000gn/T/tmp.Dst0hQI0PJ/wt-stable/.venv/lib/python3.13/site-packages/nbclient/client.py", line 709, in async_execute
    await self.async_execute_cell(
        cell, index, execution_count=self.code_cells_executed + 1
    )
  File "/private/var/folders/b4/gwkwsdb93sv11rtztqbm3l040000gn/T/tmp.Dst0hQI0PJ/wt-stable/.venv/lib/python3.13/site-packages/nbclient/client.py", line 1062, in async_execute_cell
    await self._check_raise_for_error(cell, cell_index, exec_reply)
  File "/private/var/folders/b4/gwkwsdb93sv11rtztqbm3l040000gn/T/tmp.Dst0hQI0PJ/wt-stable/.venv/lib/python3.13/site-packages/nbclient/client.py", line 918, in _check_raise_for_error
    raise CellExecutionError.from_cell_and_msg(cell, exec_reply_content)
nbclient.exceptions.CellExecutionError: An error occurred while executing the following cell:
------------------
from IPython.display import SVG, display

G_pydot = G.to_dot(backend="pydot")
display(SVG(G_pydot.create_svg()))
------------------


[0;31m---------------------------------------------------------------------------[0m
[0;31mFileNotFoundError[0m                         Traceback (most recent call last)
File [0;32m/private/var/folders/b4/gwkwsdb93sv11rtztqbm3l040000gn/T/tmp.Dst0hQI0PJ/wt-stable/.venv/lib/python3.13/site-packages/pydot/core.py:1851[0m, in [0;36mDot.create[0;34m(self, prog, format, encoding)[0m
[1;32m   1850[0m [38;5;28;01mtry[39;00m:
[0;32m-> 1851[0m     stdout_data, stderr_data, process [38;5;241m=[39m [43mcall_graphviz[49m[43m([49m
[1;32m   1852[0m [43m        [49m[43mprogram[49m[38;5;241;43m=[39;49m[43mprog[49m[43m,[49m
[1;32m   1853[0m [43m        [49m[43marguments[49m[38;5;241;43m=[39;49m[43marguments[49m[43m,[49m
[1;32m   1854[0m [43m        [49m[43mworking_dir[49m[38;5;241;43m=[39;49m[43mtmp_dir[49m[43m,[49m
[1;32m   1855[0m [43m    [49m[43m)[49m
[1;32m   1856[0m [38;5;28;01mexcept[39;00m [38;5;167;01mOSError[39;00m [38;5;28;01mas[39;00m e:

File [0;32m/private/var/folders/b4/gwkwsdb93sv11rtztqbm3l040000gn/T/tmp.Dst0hQI0PJ/wt-stable/.venv/lib/python3.13/site-packages/pydot/core.py:211[0m, in [0;36mcall_graphviz[0;34m(program, arguments, working_dir, **kwargs)[0m
[1;32m    209[0m program_with_args [38;5;241m=[39m [program] [38;5;241m+[39m arguments
[0;32m--> 211[0m process [38;5;241m=[39m [43msubprocess[49m[38;5;241;43m.[39;49m[43mPopen[49m[43m([49m
[1;32m    212[0m [43m    [49m[43mprogram_with_args[49m[43m,[49m
[1;32m    213[0m [43m    [49m[43menv[49m[38;5;241;43m=[39;49m[43menv[49m[43m,[49m
[1;32m    214[0m [43m    [49m[43mcwd[49m[38;5;241;43m=[39;49m[43mworking_dir[49m[43m,[49m
[1;32m    215[0m [43m    [49m[43mshell[49m[38;5;241;43m=[39;49m[38;5;28;43;01mFalse[39;49;00m[43m,[49m
[1;32m    216[0m [43m    [49m[43mstderr[49m[38;5;241;43m=[39;49m[43msubprocess[49m[38;5;241;43m.[39;49m[43mPIPE[49m[43m,[49m
[1;32m    217[0m [43m    [49m[43mstdout[49m[38;5;241;43m=[39;49m[43msubprocess[49m[38;5;241;43m.[39;49m[43mPIPE[49m[43m,[49m
[1;32m    218[0m [43m    [49m[38;5;241;43m*[39;49m[38;5;241;43m*[39;49m[43mkwargs[49m[43m,[49m
[1;32m    219[0m [43m[49m[43m)[49m
[1;32m    220[0m stdout_data, stderr_data [38;5;241m=[39m process[38;5;241m.[39mcommunicate()

File [0;32m/opt/homebrew/Cellar/python@3.13/3.13.11_2/Frameworks/Python.framework/Versions/3.13/lib/python3.13/subprocess.py:1039[0m, in [0;36mPopen.__init__[0;34m(self, args, bufsize, executable, stdin, stdout, stderr, preexec_fn, close_fds, shell, cwd, env, universal_newlines, startupinfo, creationflags, restore_signals, start_new_session, pass_fds, user, group, extra_groups, encoding, errors, text, umask, pipesize, process_group)[0m
[1;32m   1036[0m             [38;5;28mself[39m[38;5;241m.[39mstderr [38;5;241m=[39m io[38;5;241m.[39mTextIOWrapper([38;5;28mself[39m[38;5;241m.[39mstderr,
[1;32m   1037[0m                     encoding[38;5;241m=[39mencoding, errors[38;5;241m=[39merrors)
[0;32m-> 1039[0m     [38;5;28;43mself[39;49m[38;5;241;43m.[39;49m[43m_execute_child[49m[43m([49m[43margs[49m[43m,[49m[43m [49m[43mexecutable[49m[43m,[49m[43m [49m[43mpreexec_fn[49m[43m,[49m[43m [49m[43mclose_fds[49m[43m,[49m
[1;32m   1040[0m [43m                        [49m[43mpass_fds[49m[43m,[49m[43m [49m[43mcwd[49m[43m,[49m[43m [49m[43menv[49m[43m,[49m
[1;32m   1041[0m [43m                        [49m[43mstartupinfo[49m[43m,[49m[43m [49m[43mcreationflags[49m[43m,[49m[43m [49m[43mshell[49m[43m,[49m
[1;32m   1042[0m [43m                        [49m[43mp2cread[49m[43m,[49m[43m [49m[43mp2cwrite[49m[43m,[49m
[1;32m   1043[0m [43m                        [49m[43mc2pread[49m[43m,[49m[43m [49m[43mc2pwrite[49m[43m,[49m
[1;32m   1044[0m [43m                        [49m[43merrread[49m[43m,[49m[43m [49m[43merrwrite[49m[43m,[49m
[1;32m   1045[0m [43m                        [49m[43mrestore_signals[49m[43m,[49m
[1;32m   1046[0m [43m                        [49m[43mgid[49m[43m,[49m[43m [49m[43mgids[49m[43m,[49m[43m [49m[43muid[49m[43m,[49m[43m [49m[43mumask[49m[43m,[49m
[1;32m   1047[0m [43m                        [49m[43mstart_new_session[49m[43m,[49m[43m [49m[43mprocess_group[49m[43m)[49m
[1;32m   1048[0m [38;5;28;01mexcept[39;00m:
[1;32m   1049[0m     [38;5;66;03m# Cleanup if the child failed starting.[39;00m

File [0;32m/opt/homebrew/Cellar/python@3.13/3.13.11_2/Frameworks/Python.framework/Versions/3.13/lib/python3.13/subprocess.py:1991[0m, in [0;36mPopen._execute_child[0;34m(self, args, executable, preexec_fn, close_fds, pass_fds, cwd, env, startupinfo, creationflags, shell, p2cread, p2cwrite, c2pread, c2pwrite, errread, errwrite, restore_signals, gid, gids, uid, umask, start_new_session, process_group)[0m
[1;32m   1990[0m [38;5;28;01mif[39;00m err_filename [38;5;129;01mis[39;00m [38;5;129;01mnot[39;00m [38;5;28;01mNone[39;00m:
[0;32m-> 1991[0m     [38;5;28;01mraise[39;00m child_exception_type(errno_num, err_msg, err_filename)
[1;32m   1992[0m [38;5;28;01melse[39;00m:

[0;31mFileNotFoundError[0m: [Errno 2] No such file or directory: 'dot'

During handling of the above exception, another exception occurred:

[0;31mFileNotFoundError[0m                         Traceback (most recent call last)
Cell [0;32mIn[7], line 4[0m
[1;32m      1[0m [38;5;28;01mfrom[39;00m[38;5;250m [39m[38;5;21;01mIPython[39;00m[38;5;21;01m.[39;00m[38;5;21;01mdisplay[39;00m[38;5;250m [39m[38;5;28;01mimport[39;00m SVG, display
[1;32m      3[0m G_pydot [38;5;241m=[39m G[38;5;241m.[39mto_dot(backend[38;5;241m=[39m[38;5;124m"[39m[38;5;124mpydot[39m[38;5;124m"[39m)
[0;32m----> 4[0m display(SVG([43mG_pydot[49m[38;5;241;43m.[39;49m[43mcreate_svg[49m[43m([49m[43m)[49m))

File [0;32m/private/var/folders/b4/gwkwsdb93sv11rtztqbm3l040000gn/T/tmp.Dst0hQI0PJ/wt-stable/.venv/lib/python3.13/site-packages/pydot/core.py:158[0m, in [0;36m__generate_format_methods.<locals>.__create_method[0;34m(self, f, prog, encoding)[0m
[1;32m    156[0m [38;5;28;01mdef[39;00m[38;5;250m [39m[38;5;21m__create_method[39m([38;5;28mself[39m, f[38;5;241m=[39mfrmt, prog[38;5;241m=[39m[38;5;28;01mNone[39;00m, encoding[38;5;241m=[39m[38;5;28;01mNone[39;00m):
[1;32m    157[0m [38;5;250m    [39m[38;5;124;03m"""Refer to docstring of method `create`."""[39;00m
[0;32m--> 158[0m     [38;5;28;01mreturn[39;00m [38;5;28;43mself[39;49m[38;5;241;43m.[39;49m[43mcreate[49m[43m([49m[38;5;28;43mformat[39;49m[38;5;241;43m=[39;49m[43mf[49m[43m,[49m[43m [49m[43mprog[49m[38;5;241;43m=[39;49m[43mprog[49m[43m,[49m[43m [49m[43mencoding[49m[38;5;241;43m=[39;49m[43mencoding[49m[43m)[49m

File [0;32m/private/var/folders/b4/gwkwsdb93sv11rtztqbm3l040000gn/T/tmp.Dst0hQI0PJ/wt-stable/.venv/lib/python3.13/site-packages/pydot/core.py:1860[0m, in [0;36mDot.create[0;34m(self, prog, format, encoding)[0m
[1;32m   1858[0m     args [38;5;241m=[39m [38;5;28mlist[39m(e[38;5;241m.[39margs)
[1;32m   1859[0m     args[[38;5;241m1[39m] [38;5;241m=[39m [38;5;124mf[39m[38;5;124m'[39m[38;5;124m"[39m[38;5;132;01m{[39;00mprog[38;5;132;01m}[39;00m[38;5;124m"[39m[38;5;124m not found in path.[39m[38;5;124m'[39m
[0;32m-> 1860[0m     [38;5;28;01mraise[39;00m [38;5;167;01mOSError[39;00m([38;5;241m*[39margs)
[1;32m   1861[0m [38;5;28;01melse[39;00m:
[1;32m   1862[0m     [38;5;28;01mraise[39;00m

[0;31mFileNotFoundError[0m: [Errno 2] "dot" not found in path.

